app/doctor/[id]/page.tsx(7,22): error TS2307: Cannot find module '@/components/ui/card' or its corresponding type declarations.
app/doctor/[id]/page.tsx(8,24): error TS2307: Cannot find module '@/components/ui/button' or its corresponding type declarations.
app/doctor/[id]/page.tsx(9,23): error TS2307: Cannot find module '@/components/ui/input' or its corresponding type declarations.
app/doctor/[id]/page.tsx(10,23): error TS2307: Cannot find module '@/components/ui/label' or its corresponding type declarations.
app/doctor/[id]/page.tsx(11,20): error TS2307: Cannot find module '@/components/navbar' or its corresponding type declarations.
app/doctor/[id]/page.tsx(12,20): error TS2307: Cannot find module '@/components/footer' or its corresponding type declarations.
app/doctor/[id]/page.tsx(466,38): error TS2304: Cannot find name 'Stethoscope'.
